Archive member included to satisfy reference by file (symbol)

C:/Program Files/SEGGER/SEGGER Embedded Studio for ARM 7.32/lib/libc_v4t_t_le_eabi_balanced.a(__SEGGER_RTL_vfprintf_int_nwp.o)
                              (__SEGGER_RTL_vfprintf_int_nwp)
C:/Program Files/SEGGER/SEGGER Embedded Studio for ARM 7.32/lib/libc_v4t_t_le_eabi_balanced.a(__SEGGER_RTL_vfscanf_int.o)
                              (__SEGGER_RTL_vfscanf_int)
C:/Program Files/SEGGER/SEGGER Embedded Studio for ARM 7.32/lib/libc_v4t_t_le_eabi_balanced.a(mbops.o)
                              C:/Program Files/SEGGER/SEGGER Embedded Studio for ARM 7.32/lib/libc_v4t_t_le_eabi_balanced.a(__SEGGER_RTL_vfscanf_int.o) (isdigit)
C:/Program Files/SEGGER/SEGGER Embedded Studio for ARM 7.32/lib/libc_v4t_t_le_eabi_balanced.a(sortops.o)
                              C:/Program Files/SEGGER/SEGGER Embedded Studio for ARM 7.32/lib/libc_v4t_t_le_eabi_balanced.a(mbops.o) (bsearch)
C:/Program Files/SEGGER/SEGGER Embedded Studio for ARM 7.32/lib/libc_v4t_t_le_eabi_balanced.a(timeops.o)
                              C:/Program Files/SEGGER/SEGGER Embedded Studio for ARM 7.32/lib/libc_v4t_t_le_eabi_balanced.a(mbops.o) (__SEGGER_RTL_string_list_encode)
C:/Program Files/SEGGER/SEGGER Embedded Studio for ARM 7.32/lib/libc_v4t_t_le_eabi_balanced.a(utilops.o)
                              C:/Program Files/SEGGER/SEGGER Embedded Studio for ARM 7.32/lib/libc_v4t_t_le_eabi_balanced.a(__SEGGER_RTL_vfscanf_int.o) (__SEGGER_RTL_digit)
C:/Program Files/SEGGER/SEGGER Embedded Studio for ARM 7.32/lib/libc_v4t_t_le_eabi_balanced.a(floatasmops_arm.o)
                              C:/Program Files/SEGGER/SEGGER Embedded Studio for ARM 7.32/lib/libc_v4t_t_le_eabi_balanced.a(utilops.o) (__aeabi_fmul)
C:/Program Files/SEGGER/SEGGER Embedded Studio for ARM 7.32/lib/libc_v4t_t_le_eabi_balanced.a(intasmops_arm.o)
                              C:/Program Files/SEGGER/SEGGER Embedded Studio for ARM 7.32/lib/libc_v4t_t_le_eabi_balanced.a(timeops.o) (__aeabi_idiv)
C:/Program Files/SEGGER/SEGGER Embedded Studio for ARM 7.32/lib/libc_v4t_t_le_eabi_balanced.a(prinops.o)
                              C:/Program Files/SEGGER/SEGGER Embedded Studio for ARM 7.32/lib/libc_v4t_t_le_eabi_balanced.a(__SEGGER_RTL_vfprintf_int_nwp.o) (__SEGGER_RTL_putc)
C:/Program Files/SEGGER/SEGGER Embedded Studio for ARM 7.32/lib/libc_v4t_t_le_eabi_balanced.a(errno.o)
                              C:/Program Files/SEGGER/SEGGER Embedded Studio for ARM 7.32/lib/libc_v4t_t_le_eabi_balanced.a(mbops.o) (__aeabi_errno_addr)
C:/Program Files/SEGGER/SEGGER Embedded Studio for ARM 7.32/lib/libc_v4t_t_le_eabi_balanced.a(fileops.o)
                              C:/Program Files/SEGGER/SEGGER Embedded Studio for ARM 7.32/lib/libc_v4t_t_le_eabi_balanced.a(prinops.o) (fwrite)
C:/Program Files/SEGGER/SEGGER Embedded Studio for ARM 7.32/lib/libc_v4t_t_le_eabi_balanced.a(intops.o)
                              C:/Program Files/SEGGER/SEGGER Embedded Studio for ARM 7.32/lib/libc_v4t_t_le_eabi_balanced.a(timeops.o) (div)
C:/Program Files/SEGGER/SEGGER Embedded Studio for ARM 7.32/lib/heapops_basic_v4t_t_le_eabi_balanced.a(heapops_basic.o)
                              Output/Debug/Obj/Aufgabe5/crt0.o (__SEGGER_RTL_init_heap)
C:/Program Files/SEGGER/SEGGER Embedded Studio for ARM 7.32/lib/heapops_disable_interrupts_locking_v4t_t_le_eabi_balanced.a(heapops.o)
                              C:/Program Files/SEGGER/SEGGER Embedded Studio for ARM 7.32/lib/libc_v4t_t_le_eabi_balanced.a(mbops.o) (malloc)
C:/Program Files/SEGGER/SEGGER Embedded Studio for ARM 7.32/lib/strops_v4t_t_le_eabi_balanced.a(strops.o)
                              C:/Program Files/SEGGER/SEGGER Embedded Studio for ARM 7.32/lib/libc_v4t_t_le_eabi_balanced.a(timeops.o) (mempcpy)
C:/Program Files/SEGGER/SEGGER Embedded Studio for ARM 7.32/lib/strops_v4t_t_le_eabi_balanced.a(strasmops_arm.o)
                              C:/Program Files/SEGGER/SEGGER Embedded Studio for ARM 7.32/lib/libc_v4t_t_le_eabi_balanced.a(timeops.o) (strcmp)
C:/Program Files/SEGGER/SEGGER Embedded Studio for ARM 7.32/lib/libc_v4t_t_le_eabi_balanced.a(execops.o)
                              C:/Program Files/SEGGER/SEGGER Embedded Studio for ARM 7.32/lib/strops_v4t_t_le_eabi_balanced.a(strops.o) (__SEGGER_RTL_constraint_violation)
C:/Program Files/SEGGER/SEGGER Embedded Studio for ARM 7.32/lib/libc_v4t_t_le_eabi_balanced.a(execops_arm.o)
                              C:/Program Files/SEGGER/SEGGER Embedded Studio for ARM 7.32/lib/libc_v4t_t_le_eabi_balanced.a(execops.o) (__aeabi_SIGABRT)
C:/Program Files/SEGGER/SEGGER Embedded Studio for ARM 7.32/lib/libc_v4t_t_le_eabi_balanced.a(convops.o)
                              C:/Program Files/SEGGER/SEGGER Embedded Studio for ARM 7.32/lib/libc_v4t_t_le_eabi_balanced.a(execops.o) (itoa)
C:/Program Files/SEGGER/SEGGER Embedded Studio for ARM 7.32/lib/libc_v4t_t_le_eabi_balanced.a(floatops.o)
[...]
Memory Configuration

Name             Origin             Length             Attributes
UNPLACED_SECTIONS 0x0000000100000000 0x0000000000000000 xw
FLASH1           0x0000000000000000 0x000000000003e000 xr
RAM1             0x0000000040000000 0x0000000000004000 xw
*default*        0x0000000000000000 0xffffffffffffffff

Linker script and memory map

                0x0000000000000000                __FLASH1_segment_start__ = 0x0
                0x000000000003e000                __FLASH1_segment_end__ = 0x3e000
                0x000000000003e000                __FLASH1_segment_size__ = 0x3e000
                0x0000000040000000                __RAM1_segment_start__ = 0x40000000
                0x0000000040004000                __RAM1_segment_end__ = 0x40004000
                0x0000000000004000                __RAM1_segment_size__ = 0x4000
                0x0000000000000800                __HEAPSIZE__ = 0x800
                0x0000000000000000                __SEGGER_RTL_vfprintf = __SEGGER_RTL_vfprintf_int_nwp
                0x0000000000000000                __SEGGER_RTL_vfscanf = __SEGGER_RTL_vfscanf_int
                0x0000000000000000                __STACKSIZE_ABT__ = 0x0
                0x0000000000000000                __STACKSIZE_FIQ__ = 0x0
                0x0000000000000000                __STACKSIZE_IRQ__ = 0x0
                0x0000000000000000                __STACKSIZE_SVC__ = 0x0
                0x0000000000000000                __STACKSIZE_UND__ = 0x0
                0x0000000000000800                __STACKSIZE__ = 0x800
                0x0000000040000000                __vectors_load_start__ = __RAM1_segment_start__

.vectors        0x0000000040000000       0x3c
                0x0000000040000000                __vectors_start__ = .
 *(.vectors .vectors.*)
 .vectors       0x0000000040000000       0x3c Output/Debug/Obj/Aufgabe5/ARM_Startup_Hardware.o
                0x0000000040000000                _vectors
                0x000000004000003c                __vectors_end__ = (__vectors_start__ + SIZEOF (.vectors))
                0x000000000000003c                __vectors_size__ = SIZEOF (.vectors)
                0x000000004000003c                __vectors_load_end__ = __vectors_end__
                0x0000000000000001                . = ASSERT (((__vectors_start__ == __vectors_end__) || ((__vectors_end__ - __RAM1_segment_start__) <= __RAM1_segment_size__)), error: .vectors is too large to fit in RAM1 memory segment)
                0x000000004000003c                __fast_load_start__ = ALIGN (__vectors_end__, 0x4)

.fast           0x000000004000003c        0x0
                0x000000004000003c                __fast_start__ = .
 *(.fast .fast.*)
                0x000000004000003c                __fast_end__ = (__fast_start__ + SIZEOF (.fast))
                0x0000000000000000                __fast_size__ = SIZEOF (.fast)
                0x000000004000003c                __fast_load_end__ = __fast_end__
                0x0000000000000001                . = ASSERT (((__fast_start__ == __fast_end__) || ((__fast_end__ - __RAM1_segment_start__) <= __RAM1_segment_size__)), error: .fast is too large to fit in RAM1 memory segment)
                0x000000004000003c                __init_load_start__ = ALIGN (__fast_end__, 0x4)

.init           0x000000004000003c      0x33c
                0x000000004000003c                __init_start__ = .
 *(.init .init.*)
 .init.undef_handler
                0x000000004000003c        0x4 Output/Debug/Obj/Aufgabe5/ARM_Startup_Hardware.o
                0x000000004000003c                undef_handler
 .init.swi_handler
                0x0000000040000040        0x4 Output/Debug/Obj/Aufgabe5/ARM_Startup_Hardware.o
                0x0000000040000040                swi_handler
 .init.pabort_handler
                0x0000000040000044        0x4 Output/Debug/Obj/Aufgabe5/ARM_Startup_Hardware.o
                0x0000000040000044                pabort_handler
 .init.dabort_handler
                0x0000000040000048        0x4 Output/Debug/Obj/Aufgabe5/ARM_Startup_Hardware.o
                0x0000000040000048                dabort_handler
 .init.Reset_Handler
                0x000000004000004c       0xdc Output/Debug/Obj/Aufgabe5/ARM_Startup_Hardware.o
                0x000000004000004c                Reset_Handler
                0x000000004000004c                reset_handler
 .init.IRQ_Handler
                0x0000000040000128        0xc Output/Debug/Obj/Aufgabe5/ARM_Startup_Hardware.o
                0x0000000040000128                fiq_handler
                0x0000000040000128                irq_handler
                0x0000000040000128                IRQ_Handler
 .init.FIQ_Handler
                0x0000000040000134        0xc Output/Debug/Obj/Aufgabe5/ARM_Startup_Hardware.o
                0x0000000040000134                FIQ_Handler
 .init          0x0000000040000140      0x228 Output/Debug/Obj/Aufgabe5/crt0.o
                0x0000000040000140                _start
                0x0000000040000140                __start
                0x0000000040000284                exit
 .init.__stub   0x0000000040000368        0xc linker stubs
                0x0000000040000378                __init_end__ = (__init_start__ + SIZEOF (.init))
                0x000000000000033c                __init_size__ = SIZEOF (.init)
                0x0000000040000378                __init_load_end__ = __init_end__
                0x0000000000000001                . = ASSERT (((__init_start__ == __init_end__) || ((__init_end__ - __RAM1_segment_start__) <= __RAM1_segment_size__)), error: .init is too large to fit in RAM1 memory segment)
                0x0000000040000378                __init_rodata_load_start__ = ALIGN (__init_end__, 0x4)

.init_rodata    0x0000000040000378        0x0
                0x0000000040000378                __init_rodata_start__ = .
 *(.init_rodata .init_rodata.*)
                0x0000000040000378                __init_rodata_end__ = (__init_rodata_start__ + SIZEOF (.init_rodata))
                0x0000000000000000                __init_rodata_size__ = SIZEOF (.init_rodata)
                0x0000000040000378                __init_rodata_load_end__ = __init_rodata_end__
                0x0000000000000001                . = ASSERT (((__init_rodata_start__ == __init_rodata_end__) || ((__init_rodata_end__ - __RAM1_segment_start__) <= __RAM1_segment_size__)), error: .init_rodata is too large to fit in RAM1 memory segment)
                0x0000000040000378                __text_load_start__ = ALIGN (__init_rodata_end__, 0x4)

.text           0x0000000040000378       0xac
                0x0000000040000378                __text_start__ = .
 *(.text .text.* .gnu.linkonce.t.* .glue_7t .glue_7 .gcc_except_table .ARM.extab* .gnu.linkonce.armextab.*)
 .glue_7        0x0000000040000378        0x0 linker stubs
 .glue_7t       0x0000000040000378        0x0 linker stubs
 .text          0x0000000040000378       0x98 Output/Debug/Obj/Aufgabe5/Aufgabe5_2.o
                0x0000000040000378                delay
                0x0000000040000390                main
 .text.libc.__SEGGER_RTL_init_heap
                0x0000000040000410       0x14 C:/Program Files/SEGGER/SEGGER Embedded Studio for ARM 7.32/lib/heapops_basic_v4t_t_le_eabi_balanced.a(heapops_basic.o)
                0x0000000040000410                __SEGGER_RTL_init_heap
                0x0000000040000424                __text_end__ = (__text_start__ + SIZEOF (.text))
                0x00000000000000ac                __text_size__ = SIZEOF (.text)
                0x0000000040000424                __text_load_end__ = __text_end__

.vfp11_veneer   0x0000000100000000        0x0
 .vfp11_veneer  0x0000000100000000        0x0 linker stubs

.v4_bx          0x0000000100000000        0x0
 .v4_bx         0x0000000100000000        0x0 linker stubs

.iplt           0x0000000100000000        0x0
 .iplt          0x0000000100000000        0x0 Output/Debug/Obj/Aufgabe5/Aufgabe5_2.o

.rel.dyn        0x0000000000000000        0x0
 .rel.iplt      0x0000000000000000        0x0 Output/Debug/Obj/Aufgabe5/Aufgabe5_2.o
                0x0000000000000001                . = ASSERT (((__text_start__ == __text_end__) || ((__text_end__ - __RAM1_segment_start__) <= __RAM1_segment_size__)), error: .text is too large to fit in RAM1 memory segment)
                0x0000000040000424                __dtors_load_start__ = ALIGN (__text_end__, 0x4)

.dtors          0x0000000040000424        0x0
                0x0000000040000424                __dtors_start__ = .
 *(SORT_BY_NAME(.dtors.*))
 *(.dtors)
 *(.fini_array)
 *(SORT_BY_NAME(.fini_array.*))
                0x0000000040000424                __dtors_end__ = (__dtors_start__ + SIZEOF (.dtors))
                0x0000000000000000                __dtors_size__ = SIZEOF (.dtors)
                0x0000000040000424                __dtors_load_end__ = __dtors_end__
                0x0000000000000001                . = ASSERT (((__dtors_start__ == __dtors_end__) || ((__dtors_end__ - __RAM1_segment_start__) <= __RAM1_segment_size__)), error: .dtors is too large to fit in RAM1 memory segment)
                0x0000000040000424                __ctors_load_start__ = ALIGN (__dtors_end__, 0x4)

.ctors          0x0000000040000424        0x0
                0x0000000040000424                __ctors_start__ = .
 *(SORT_BY_NAME(.ctors.*))
 *(.ctors)
 *(.init_array)
 *(SORT_BY_NAME(.init_array.*))
                0x0000000040000424                __ctors_end__ = (__ctors_start__ + SIZEOF (.ctors))
                0x0000000000000000                __ctors_size__ = SIZEOF (.ctors)
                0x0000000040000424                __ctors_load_end__ = __ctors_end__
                0x0000000000000001                . = ASSERT (((__ctors_start__ == __ctors_end__) || ((__ctors_end__ - __RAM1_segment_start__) <= __RAM1_segment_size__)), error: .ctors is too large to fit in RAM1 memory segment)
                0x0000000040000424                __data_load_start__ = ALIGN (__ctors_end__, 0x4)

.data           0x0000000040000424        0x0
                0x0000000040000424                __data_start__ = .
 *(.data .data.* .gnu.linkonce.d.*)
                0x0000000040000424                __data_end__ = (__data_start__ + SIZEOF (.data))
                0x0000000000000000                __data_size__ = SIZEOF (.data)
                0x0000000040000424                __data_load_end__ = __data_end__

.igot.plt       0x0000000100000000        0x0
 .igot.plt      0x0000000100000000        0x0 Output/Debug/Obj/Aufgabe5/Aufgabe5_2.o
                0x0000000000000001                . = ASSERT (((__data_start__ == __data_end__) || ((__data_end__ - __RAM1_segment_start__) <= __RAM1_segment_size__)), error: .data is too large to fit in RAM1 memory segment)
                0x0000000040000424                __rodata_load_start__ = ALIGN (__data_end__, 0x4)

.rodata         0x0000000040000424        0x0
                0x0000000040000424                __rodata_start__ = .
 *(.rodata .rodata.* .gnu.linkonce.r.*)
                0x0000000040000424                __rodata_end__ = (__rodata_start__ + SIZEOF (.rodata))
                0x0000000000000000                __rodata_size__ = SIZEOF (.rodata)
                0x0000000040000424                __rodata_load_end__ = __rodata_end__
                0x0000000000000001                . = ASSERT (((__rodata_start__ == __rodata_end__) || ((__rodata_end__ - __RAM1_segment_start__) <= __RAM1_segment_size__)), error: .rodata is too large to fit in RAM1 memory segment)
                0x0000000040000424                __ARM.exidx_load_start__ = ALIGN (__rodata_end__, 0x4)

.ARM.exidx      0x0000000040000424        0x0
                0x0000000040000424                __ARM.exidx_start__ = .
                0x0000000040000424                __exidx_start = __ARM.exidx_start__
 *(.ARM.exidx .ARM.exidx.*)
                0x0000000040000424                __ARM.exidx_end__ = (__ARM.exidx_start__ + SIZEOF (.ARM.exidx))
                0x0000000000000000                __ARM.exidx_size__ = SIZEOF (.ARM.exidx)
                0x0000000040000424                __exidx_end = __ARM.exidx_end__
                0x0000000040000424                __ARM.exidx_load_end__ = __ARM.exidx_end__
                0x0000000000000001                . = ASSERT (((__ARM.exidx_start__ == __ARM.exidx_end__) || ((__ARM.exidx_end__ - __RAM1_segment_start__) <= __RAM1_segment_size__)), error: .ARM.exidx is too large to fit in RAM1 memory segment)
                0x0000000040000424                __bss_load_start__ = ALIGN (__ARM.exidx_end__, 0x4)

.bss            0x0000000040000424        0x4
                0x0000000040000424                __bss_start__ = .
 *(.bss .bss.* .gnu.linkonce.b.*)
 .bss.libc.__SEGGER_RTL_heap_globals
                0x0000000040000424        0x4 C:/Program Files/SEGGER/SEGGER Embedded Studio for ARM 7.32/lib/heapops_basic_v4t_t_le_eabi_balanced.a(heapops_basic.o)
 *(COMMON)
                0x0000000040000428                __bss_end__ = (__bss_start__ + SIZEOF (.bss))
                0x0000000000000004                __bss_size__ = SIZEOF (.bss)
                0x0000000040000428                __bss_load_end__ = __bss_end__
                0x0000000000000001                . = ASSERT (((__bss_start__ == __bss_end__) || ((__bss_end__ - __RAM1_segment_start__) <= __RAM1_segment_size__)), error: .bss is too large to fit in RAM1 memory segment)
                0x0000000040000428                __non_init_load_start__ = ALIGN (__bss_end__, 0x4)

.non_init       0x0000000040000428        0x0
                0x0000000040000428                __non_init_start__ = .
 *(.non_init .non_init.*)
                0x0000000040000428                __non_init_end__ = (__non_init_start__ + SIZEOF (.non_init))
                0x0000000000000000                __non_init_size__ = SIZEOF (.non_init)
                0x0000000040000428                __non_init_load_end__ = __non_init_end__
                0x0000000000000001                . = ASSERT (((__non_init_start__ == __non_init_end__) || ((__non_init_end__ - __RAM1_segment_start__) <= __RAM1_segment_size__)), error: .non_init is too large to fit in RAM1 memory segment)
                0x0000000040000428                __heap_load_start__ = ALIGN (__non_init_end__, 0x8)

.heap           0x0000000040000428      0x800
                0x0000000040000428                __heap_start__ = .
 *(.heap .heap.*)
                0x0000000040000c28                . = ALIGN (MAX ((__heap_start__ + __HEAPSIZE__), .), 0x8)
 *fill*         0x0000000040000428      0x800 
                0x0000000040000c28                __heap_end__ = (__heap_start__ + SIZEOF (.heap))
                0x0000000000000800                __heap_size__ = SIZEOF (.heap)
                0x0000000040000c28                __heap_load_end__ = __heap_end__
                0x0000000000000001                . = ASSERT (((__heap_start__ == __heap_end__) || ((__heap_end__ - __RAM1_segment_start__) <= __RAM1_segment_size__)), error: .heap is too large to fit in RAM1 memory segment)
                0x0000000000000001                . = ASSERT ((__HEAPSIZE__ == ALIGN (__HEAPSIZE__, 0x8)), error: .heap section size does not match alignment)
                0x0000000000000001                . = ASSERT ((__heap_size__ <= __HEAPSIZE__), error: .heap section is larger than specified size)
                0x0000000040000c28                __stack_load_start__ = ALIGN (__heap_end__, 0x8)

.stack          0x0000000040000c28      0x800
                0x0000000040000c28                __stack_start__ = .
 *(.stack .stack.*)
                0x0000000040001428                . = ALIGN (MAX ((__stack_start__ + __STACKSIZE__), .), 0x8)
 *fill*         0x0000000040000c28      0x800 
                0x0000000040001428                __stack_end__ = (__stack_start__ + SIZEOF (.stack))
                0x0000000000000800                __stack_size__ = SIZEOF (.stack)
                0x0000000040001428                __stack_load_end__ = __stack_end__
                0x0000000000000001                . = ASSERT (((__stack_start__ == __stack_end__) || ((__stack_end__ - __RAM1_segment_start__) <= __RAM1_segment_size__)), error: .stack is too large to fit in RAM1 memory segment)
                0x0000000000000001                . = ASSERT ((__STACKSIZE__ == ALIGN (__STACKSIZE__, 0x8)), error: .stack section size does not match alignment)
                0x0000000000000001                . = ASSERT ((__stack_size__ <= __STACKSIZE__), error: .stack section is larger than specified size)
                0x0000000040001428                __stack_irq_load_start__ = ALIGN (__stack_end__, 0x8)

.stack_irq      0x0000000040001428        0x0
                0x0000000040001428                __stack_irq_start__ = .
 *(.stack_irq .stack_irq.*)
                0x0000000040001428                . = ALIGN (MAX ((__stack_irq_start__ + __STACKSIZE_IRQ__), .), 0x8)
                0x0000000040001428                __stack_irq_end__ = (__stack_irq_start__ + SIZEOF (.stack_irq))
                0x0000000000000000                __stack_irq_size__ = SIZEOF (.stack_irq)
                0x0000000040001428                __stack_irq_load_end__ = __stack_irq_end__
                0x0000000000000001                . = ASSERT (((__stack_irq_start__ == __stack_irq_end__) || ((__stack_irq_end__ - __RAM1_segment_start__) <= __RAM1_segment_size__)), error: .stack_irq is too large to fit in RAM1 memory segment)
                0x0000000000000001                . = ASSERT ((__STACKSIZE_IRQ__ == ALIGN (__STACKSIZE_IRQ__, 0x8)), error: .stack_irq section size does not match alignment)
                0x0000000000000001                . = ASSERT ((__stack_irq_size__ <= __STACKSIZE_IRQ__), error: .stack_irq section is larger than specified size)
                0x0000000040001428                __stack_fiq_load_start__ = ALIGN (__stack_irq_end__, 0x8)

.stack_fiq      0x0000000040001428        0x0
                0x0000000040001428                __stack_fiq_start__ = .
 *(.stack_fiq .stack_fiq.*)
                0x0000000040001428                . = ALIGN (MAX ((__stack_fiq_start__ + __STACKSIZE_FIQ__), .), 0x8)
                0x0000000040001428                __stack_fiq_end__ = (__stack_fiq_start__ + SIZEOF (.stack_fiq))
                0x0000000000000000                __stack_fiq_size__ = SIZEOF (.stack_fiq)
                0x0000000040001428                __stack_fiq_load_end__ = __stack_fiq_end__
                0x0000000000000001                . = ASSERT (((__stack_fiq_start__ == __stack_fiq_end__) || ((__stack_fiq_end__ - __RAM1_segment_start__) <= __RAM1_segment_size__)), error: .stack_fiq is too large to fit in RAM1 memory segment)
                0x0000000000000001                . = ASSERT ((__STACKSIZE_FIQ__ == ALIGN (__STACKSIZE_FIQ__, 0x8)), error: .stack_fiq section size does not match alignment)
                0x0000000000000001                . = ASSERT ((__stack_fiq_size__ <= __STACKSIZE_FIQ__), error: .stack_fiq section is larger than specified size)
                0x0000000040001428                __stack_svc_load_start__ = ALIGN (__stack_fiq_end__, 0x8)

.stack_svc      0x0000000040001428        0x0
                0x0000000040001428                __stack_svc_start__ = .
 *(.stack_svc .stack_svc.*)
                0x0000000040001428                . = ALIGN (MAX ((__stack_svc_start__ + __STACKSIZE_SVC__), .), 0x8)
                0x0000000040001428                __stack_svc_end__ = (__stack_svc_start__ + SIZEOF (.stack_svc))
                0x0000000000000000                __stack_svc_size__ = SIZEOF (.stack_svc)
                0x0000000040001428                __stack_svc_load_end__ = __stack_svc_end__
                0x0000000000000001                . = ASSERT (((__stack_svc_start__ == __stack_svc_end__) || ((__stack_svc_end__ - __RAM1_segment_start__) <= __RAM1_segment_size__)), error: .stack_svc is too large to fit in RAM1 memory segment)
                0x0000000000000001                . = ASSERT ((__STACKSIZE_SVC__ == ALIGN (__STACKSIZE_SVC__, 0x8)), error: .stack_svc section size does not match alignment)
                0x0000000000000001                . = ASSERT ((__stack_svc_size__ <= __STACKSIZE_SVC__), error: .stack_svc section is larger than specified size)
                0x0000000040001428                __stack_abt_load_start__ = ALIGN (__stack_svc_end__, 0x8)

.stack_abt      0x0000000040001428        0x0
                0x0000000040001428                __stack_abt_start__ = .
 *(.stack_abt .stack_abt.*)
                0x0000000040001428                . = ALIGN (MAX ((__stack_abt_start__ + __STACKSIZE_ABT__), .), 0x8)
                0x0000000040001428                __stack_abt_end__ = (__stack_abt_start__ + SIZEOF (.stack_abt))
                0x0000000000000000                __stack_abt_size__ = SIZEOF (.stack_abt)
                0x0000000040001428                __stack_abt_load_end__ = __stack_abt_end__
                0x0000000000000001                . = ASSERT (((__stack_abt_start__ == __stack_abt_end__) || ((__stack_abt_end__ - __RAM1_segment_start__) <= __RAM1_segment_size__)), error: .stack_abt is too large to fit in RAM1 memory segment)
                0x0000000000000001                . = ASSERT ((__STACKSIZE_ABT__ == ALIGN (__STACKSIZE_ABT__, 0x8)), error: .stack_abt section size does not match alignment)
                0x0000000000000001                . = ASSERT ((__stack_abt_size__ <= __STACKSIZE_ABT__), error: .stack_abt section is larger than specified size)
                0x0000000040001428                __stack_und_load_start__ = ALIGN (__stack_abt_end__, 0x8)

.stack_und      0x0000000040001428        0x0
                0x0000000040001428                __stack_und_start__ = .
 *(.stack_und .stack_und.*)
                0x0000000040001428                . = ALIGN (MAX ((__stack_und_start__ + __STACKSIZE_UND__), .), 0x8)
                0x0000000040001428                __stack_und_end__ = (__stack_und_start__ + SIZEOF (.stack_und))
                0x0000000000000000                __stack_und_size__ = SIZEOF (.stack_und)
                0x0000000040001428                __stack_und_load_end__ = __stack_und_end__
                0x0000000000000001                . = ASSERT (((__stack_und_start__ == __stack_und_end__) || ((__stack_und_end__ - __RAM1_segment_start__) <= __RAM1_segment_size__)), error: .stack_und is too large to fit in RAM1 memory segment)
                0x0000000000000001                . = ASSERT ((__STACKSIZE_UND__ == ALIGN (__STACKSIZE_UND__, 0x8)), error: .stack_und section size does not match alignment)
                0x0000000000000001                . = ASSERT ((__stack_und_size__ <= __STACKSIZE_UND__), error: .stack_und section is larger than specified size)
                0x0000000040001428                __tbss_load_start__ = ALIGN (__stack_und_end__, 0x4)

.tbss           0x0000000040001428        0x0
                0x0000000040001428                __tbss_start__ = .
 *(.tbss .tbss.*)
                0x0000000040001428                __tbss_end__ = (__tbss_start__ + SIZEOF (.tbss))
                0x0000000000000000                __tbss_size__ = SIZEOF (.tbss)
                0x0000000040001428                __tbss_load_end__ = __tbss_end__
                0x0000000000000001                . = ASSERT (((__tbss_start__ == __tbss_end__) || ((__tbss_end__ - __RAM1_segment_start__) <= __RAM1_segment_size__)), error: .tbss is too large to fit in RAM1 memory segment)
                0x0000000040001428                __tdata_load_start__ = ALIGN (__tbss_end__, 0x4)

.tdata          0x0000000040001428        0x0
                0x0000000040001428                __tdata_start__ = .
 *(.tdata .tdata.*)
                0x0000000040001428                __tdata_end__ = (__tdata_start__ + SIZEOF (.tdata))
                0x0000000000000000                __tdata_size__ = SIZEOF (.tdata)
                0x0000000040001428                __tdata_load_end__ = __tdata_end__
                0x0000000000000001                . = ASSERT (((__tdata_start__ == __tdata_end__) || ((__tdata_end__ - __RAM1_segment_start__) <= __RAM1_segment_size__)), error: .tdata is too large to fit in RAM1 memory segment)
                0x0000000040004000                __mmu_load_start__ = ALIGN (__tdata_end__, 0x4000)

.mmu            0x0000000040004000        0x0
                0x0000000040004000                __mmu_start__ = .
 *(.mmu .mmu.*)
                0x0000000040004000                __mmu_end__ = (__mmu_start__ + SIZEOF (.mmu))
                0x0000000000000000                __mmu_size__ = SIZEOF (.mmu)
                0x0000000040004000                __mmu_load_end__ = __mmu_end__
                0x0000000040004000                __RAM1_segment_used_end__ = (ALIGN (__tdata_end__, 0x4000) + SIZEOF (.mmu))
                0x0000000000004000                __RAM1_segment_used_size__ = (__RAM1_segment_used_end__ - __RAM1_segment_start__)
                0x0000000000000001                . = ASSERT (((__mmu_start__ == __mmu_end__) || ((__mmu_end__ - __RAM1_segment_start__) <= __RAM1_segment_size__)), error: .mmu is too large to fit in RAM1 memory segment)
START GROUP
LOAD Output/Debug/Obj/Aufgabe5/Aufgabe5_2.o
LOAD Output/Debug/Obj/Aufgabe5/ARM_Startup_Hardware.o
LOAD Output/Debug/Obj/Aufgabe5/crt0.o
LOAD C:/Program Files/SEGGER/SEGGER Embedded Studio for ARM 7.32/lib/libc_v4t_t_le_eabi_balanced.a
LOAD C:/Program Files/SEGGER/SEGGER Embedded Studio for ARM 7.32/lib/heapops_basic_v4t_t_le_eabi_balanced.a
LOAD C:/Program Files/SEGGER/SEGGER Embedded Studio for ARM 7.32/lib/heapops_disable_interrupts_locking_v4t_t_le_eabi_balanced.a
LOAD C:/Program Files/SEGGER/SEGGER Embedded Studio for ARM 7.32/lib/strops_v4t_t_le_eabi_balanced.a
END GROUP
OUTPUT(C:/Users/torbe/Downloads/DigitalLabor-master/Output/Debug/Exe/Aufgabe5.elf elf32-littlearm)
LOAD linker stubs

.ARM.attributes
                0x0000000000000000       0x28
 .ARM.attributes
                0x0000000000000000       0x1a Output/Debug/Obj/Aufgabe5/Aufgabe5_2.o
 .ARM.attributes
                0x000000000000001a       0x1a Output/Debug/Obj/Aufgabe5/ARM_Startup_Hardware.o
 .ARM.attributes
                0x0000000000000034       0x1a Output/Debug/Obj/Aufgabe5/crt0.o
 .ARM.attributes
                0x000000000000004e       0x2c C:/Program Files/SEGGER/SEGGER Embedded Studio for ARM 7.32/lib/heapops_basic_v4t_t_le_eabi_balanced.a(heapops_basic.o)

.comment        0x0000000000000000       0x3d
 .comment       0x0000000000000000       0x3d C:/Program Files/SEGGER/SEGGER Embedded Studio for ARM 7.32/lib/heapops_basic_v4t_t_le_eabi_balanced.a(heapops_basic.o)
                                         0x3e (size before relaxing)

.stack_sizes    0x0000000000000000        0x5
 .stack_sizes   0x0000000000000000        0x5 C:/Program Files/SEGGER/SEGGER Embedded Studio for ARM 7.32/lib/heapops_basic_v4t_t_le_eabi_balanced.a(heapops_basic.o)

.debug_line     0x0000000000000000      0x30d
 .debug_line    0x0000000000000000       0x98 Output/Debug/Obj/Aufgabe5/Aufgabe5_2.o
 .debug_line    0x0000000000000098      0x103 Output/Debug/Obj/Aufgabe5/ARM_Startup_Hardware.o
 .debug_line    0x000000000000019b      0x172 Output/Debug/Obj/Aufgabe5/crt0.o

.debug_info     0x0000000000000000       0xc2
 .debug_info    0x0000000000000000       0x24 Output/Debug/Obj/Aufgabe5/Aufgabe5_2.o
 .debug_info    0x0000000000000024       0x7c Output/Debug/Obj/Aufgabe5/ARM_Startup_Hardware.o
 .debug_info    0x00000000000000a0       0x22 Output/Debug/Obj/Aufgabe5/crt0.o

.debug_abbrev   0x0000000000000000       0x45
 .debug_abbrev  0x0000000000000000       0x14 Output/Debug/Obj/Aufgabe5/Aufgabe5_2.o
 .debug_abbrev  0x0000000000000014       0x1f Output/Debug/Obj/Aufgabe5/ARM_Startup_Hardware.o
 .debug_abbrev  0x0000000000000033       0x12 Output/Debug/Obj/Aufgabe5/crt0.o

.debug_aranges  0x0000000000000000       0xa8
 .debug_aranges
                0x0000000000000000       0x20 Output/Debug/Obj/Aufgabe5/Aufgabe5_2.o
 .debug_aranges
                0x0000000000000020       0x38 Output/Debug/Obj/Aufgabe5/ARM_Startup_Hardware.o
 .debug_aranges
                0x0000000000000058       0x50 Output/Debug/Obj/Aufgabe5/crt0.o

.debug_str      0x0000000000000000      0x16c
 .debug_str     0x0000000000000000       0x7c Output/Debug/Obj/Aufgabe5/Aufgabe5_2.o
 .debug_str     0x000000000000007c       0xb5 Output/Debug/Obj/Aufgabe5/ARM_Startup_Hardware.o
                                         0xf0 (size before relaxing)
 .debug_str     0x0000000000000131       0x3b Output/Debug/Obj/Aufgabe5/crt0.o
                                         0x76 (size before relaxing)

.debug_ranges   0x0000000000000000       0x78
 .debug_ranges  0x0000000000000000       0x30 Output/Debug/Obj/Aufgabe5/ARM_Startup_Hardware.o
 .debug_ranges  0x0000000000000030       0x48 Output/Debug/Obj/Aufgabe5/crt0.o
